D1 E1 F1 A1 B1 C1
F2 E3 B2 C2 D2 E2
D3 E4 F3 A2 B3 C3
A3 B4 C4 D4 ** F4

A1 B1 C1 D1 E1 F1
C2 D2 E2 F2 E3 B2
A2 B3 C3 D3 E4 F3
A3 B4 C4 D4 ** F4

A1 B1 C1 D1 E1 F1
C2 D2 E2 F2 ** B2
A2 B3 C3 D3 E3 F3
A3 B4 C4 D4 E4 F4

A1 B1 C1 D1 E1 F1
** B2 C2 D2 E2 F2
A2 B3 C3 D3 E3 F3
A3 B4 C4 D4 E4 F4

A1 B1 C1 D1 E1 F1
A2 B2 C2 D2 E2 F2
A3 B3 C3 D3 E3 F3
** B4 C4 D4 E4 F4

